---
source: tui/tests/vt100_chatwidget_snapshot.rs
assertion_line: 2549
expression: output
---
 +----------------------------------------------------------------------------+
 |                                 Every Code                                 |
 +----------------------------------------------------------------------------+
   - Writing code
   - Reading files
   - Running commands


 › /agents

 ✖ ⚠️  status_update: missing agent batch_id. tool=agent_status
   agents=orphan-agent

  • Working (Xs • esc to interrupt)

 +----------------------------- ✶ Using tools... MM:SS -----------------------------+
 | What can I code for you today?                                             |
 +----------------------------------------------------------------------------+
 Read Only  (Shift+Tab change)                       Ctrl+G editor  •  API key
